16:49:03 [INFO] ⚠️ 实盘模式启动，3秒后开始交易...
16:49:06 [INFO] Bitget 实盘模式
16:49:07 [INFO] 余额: $247 | 持仓: 0 | 扫描间隔: 300s
17:14:32 [ERROR] 异常: ('Connection aborted.', ConnectionResetError(54, 'Connection reset by peer'))
17:19:33 [ERROR] 异常: ('Connection aborted.', ConnectionResetError(54, 'Connection reset by peer'))
17:24:33 [ERROR] 异常: ('Connection aborted.', ConnectionResetError(54, 'Connection reset by peer'))
17:29:34 [ERROR] 异常: ('Connection aborted.', ConnectionResetError(54, 'Connection reset by peer'))
17:34:34 [ERROR] 异常: ('Connection aborted.', ConnectionResetError(54, 'Connection reset by peer'))
17:39:35 [ERROR] 异常: ('Connection aborted.', ConnectionResetError(54, 'Connection reset by peer'))
17:44:35 [ERROR] 异常: ('Connection aborted.', ConnectionResetError(54, 'Connection reset by peer'))
17:49:36 [ERROR] 异常: ('Connection aborted.', ConnectionResetError(54, 'Connection reset by peer'))
17:54:42 [INFO] 💼 权益 $0 | 持仓 0 | 扫描#6
18:25:10 [INFO] 💼 权益 $0 | 持仓 0 | 扫描#12
18:40:40 [ERROR] 异常: HTTPSConnectionPool(host='api.bitget.com', port=443): Read timed out.
19:00:59 [INFO] 💼 权益 $0 | 持仓 0 | 扫描#18
19:06:16 [ERROR] 异常: HTTPSConnectionPool(host='api.bitget.com', port=443): Read timed out.
19:36:46 [INFO] 💼 权益 $0 | 持仓 0 | 扫描#24
20:02:21 [ERROR] 异常: HTTPSConnectionPool(host='api.bitget.com', port=443): Read timed out.
20:12:30 [INFO] 💼 权益 $0 | 持仓 0 | 扫描#30
20:17:31 [ERROR] 异常: ('Connection aborted.', ConnectionResetError(54, 'Connection reset by peer'))
20:47:57 [INFO] 💼 权益 $0 | 持仓 0 | 扫描#36
21:19:27 [INFO] 💼 权益 $0 | 持仓 0 | 扫描#42
21:50:55 [INFO] 💼 权益 $0 | 持仓 0 | 扫描#48
22:22:29 [ERROR] 异常: HTTPSConnectionPool(host='api.bitget.com', port=443): Read timed out.
22:27:46 [INFO] 💼 权益 $0 | 持仓 0 | 扫描#54
22:59:42 [INFO] 💼 权益 $0 | 持仓 0 | 扫描#60
23:31:13 [INFO] 💼 权益 $0 | 持仓 0 | 扫描#66
00:02:42 [INFO] 💼 权益 $0 | 持仓 0 | 扫描#72
00:34:28 [INFO] 💼 权益 $0 | 持仓 0 | 扫描#78
01:05:59 [INFO] 💼 权益 $0 | 持仓 0 | 扫描#84
01:37:35 [INFO] 💼 权益 $0 | 持仓 0 | 扫描#90
01:53:23 [ERROR] 异常: HTTPSConnectionPool(host='api.bitget.com', port=443): Read timed out.
02:14:20 [INFO] 💼 权益 $0 | 持仓 0 | 扫描#96
02:45:44 [INFO] 💼 权益 $0 | 持仓 0 | 扫描#102
02:51:06 [ERROR] 异常: HTTPSConnectionPool(host='api.bitget.com', port=443): Read timed out.
03:22:31 [INFO] 💼 权益 $0 | 持仓 0 | 扫描#108
03:53:54 [ERROR] 异常: ('Connection aborted.', ConnectionResetError(54, 'Connection reset by peer'))
03:59:09 [INFO] 💼 权益 $0 | 持仓 0 | 扫描#114
04:30:33 [INFO] 💼 权益 $0 | 持仓 0 | 扫描#120
05:02:01 [INFO] 💼 权益 $0 | 持仓 0 | 扫描#126
05:33:29 [INFO] 💼 权益 $0 | 持仓 0 | 扫描#132
05:49:18 [ERROR] 异常: HTTPSConnectionPool(host='api.bitget.com', port=443): Read timed out.
06:10:16 [INFO] 💼 权益 $0 | 持仓 0 | 扫描#138
06:15:38 [ERROR] 异常: HTTPSConnectionPool(host='api.bitget.com', port=443): Read timed out.
06:47:05 [INFO] 💼 权益 $0 | 持仓 0 | 扫描#144
07:02:53 [ERROR] 异常: HTTPSConnectionPool(host='api.bitget.com', port=443): Read timed out.
07:18:42 [ERROR] 异常: HTTPSConnectionPool(host='api.bitget.com', port=443): Read timed out.
07:29:14 [INFO] 💼 权益 $0 | 持仓 0 | 扫描#150
07:55:39 [ERROR] 异常: HTTPSConnectionPool(host='api.bitget.com', port=443): Max retries exceeded with url: /api/v2/mix/position/all-position?productType=USDT-FUTURES&marginCoin=USDT (Caused by NameResolutionError("HTTPSConnection(host='api.bitget.com', port=443): Failed to resolve 'api.bitget.com' ([Errno 8] nodename nor servname provided, or not known)"))
08:01:09 [ERROR] 异常: HTTPSConnectionPool(host='api.bitget.com', port=443): Max retries exceeded with url: /api/v2/mix/position/all-position?productType=USDT-FUTURES&marginCoin=USDT (Caused by NameResolutionError("HTTPSConnection(host='api.bitget.com', port=443): Failed to resolve 'api.bitget.com' ([Errno 8] nodename nor servname provided, or not known)"))
08:06:39 [ERROR] 异常: HTTPSConnectionPool(host='api.bitget.com', port=443): Max retries exceeded with url: /api/v2/mix/position/all-position?productType=USDT-FUTURES&marginCoin=USDT (Caused by NameResolutionError("HTTPSConnection(host='api.bitget.com', port=443): Failed to resolve 'api.bitget.com' ([Errno 8] nodename nor servname provided, or not known)"))
08:12:09 [ERROR] 异常: HTTPSConnectionPool(host='api.bitget.com', port=443): Max retries exceeded with url: /api/v2/mix/position/all-position?productType=USDT-FUTURES&marginCoin=USDT (Caused by NameResolutionError("HTTPSConnection(host='api.bitget.com', port=443): Failed to resolve 'api.bitget.com' ([Errno 8] nodename nor servname provided, or not known)"))
08:17:39 [ERROR] 异常: HTTPSConnectionPool(host='api.bitget.com', port=443): Max retries exceeded with url: /api/v2/mix/position/all-position?productType=USDT-FUTURES&marginCoin=USDT (Caused by NameResolutionError("HTTPSConnection(host='api.bitget.com', port=443): Failed to resolve 'api.bitget.com' ([Errno 8] nodename nor servname provided, or not known)"))
08:23:09 [ERROR] 异常: HTTPSConnectionPool(host='api.bitget.com', port=443): Max retries exceeded with url: /api/v2/mix/position/all-position?productType=USDT-FUTURES&marginCoin=USDT (Caused by NameResolutionError("HTTPSConnection(host='api.bitget.com', port=443): Failed to resolve 'api.bitget.com' ([Errno 8] nodename nor servname provided, or not known)"))
08:28:39 [ERROR] 异常: HTTPSConnectionPool(host='api.bitget.com', port=443): Max retries exceeded with url: /api/v2/mix/position/all-position?productType=USDT-FUTURES&marginCoin=USDT (Caused by NameResolutionError("HTTPSConnection(host='api.bitget.com', port=443): Failed to resolve 'api.bitget.com' ([Errno 8] nodename nor servname provided, or not known)"))
08:34:09 [ERROR] 异常: HTTPSConnectionPool(host='api.bitget.com', port=443): Max retries exceeded with url: /api/v2/mix/position/all-position?productType=USDT-FUTURES&marginCoin=USDT (Caused by NameResolutionError("HTTPSConnection(host='api.bitget.com', port=443): Failed to resolve 'api.bitget.com' ([Errno 8] nodename nor servname provided, or not known)"))
08:39:39 [ERROR] 异常: HTTPSConnectionPool(host='api.bitget.com', port=443): Max retries exceeded with url: /api/v2/mix/position/all-position?productType=USDT-FUTURES&marginCoin=USDT (Caused by NameResolutionError("HTTPSConnection(host='api.bitget.com', port=443): Failed to resolve 'api.bitget.com' ([Errno 8] nodename nor servname provided, or not known)"))
08:45:09 [ERROR] 异常: HTTPSConnectionPool(host='api.bitget.com', port=443): Max retries exceeded with url: /api/v2/mix/position/all-position?productType=USDT-FUTURES&marginCoin=USDT (Caused by NameResolutionError("HTTPSConnection(host='api.bitget.com', port=443): Failed to resolve 'api.bitget.com' ([Errno 8] nodename nor servname provided, or not known)"))
08:50:39 [ERROR] 异常: HTTPSConnectionPool(host='api.bitget.com', port=443): Max retries exceeded with url: /api/v2/mix/position/all-position?productType=USDT-FUTURES&marginCoin=USDT (Caused by NameResolutionError("HTTPSConnection(host='api.bitget.com', port=443): Failed to resolve 'api.bitget.com' ([Errno 8] nodename nor servname provided, or not known)"))
08:56:09 [ERROR] 异常: HTTPSConnectionPool(host='api.bitget.com', port=443): Max retries exceeded with url: /api/v2/mix/position/all-position?productType=USDT-FUTURES&marginCoin=USDT (Caused by NameResolutionError("HTTPSConnection(host='api.bitget.com', port=443): Failed to resolve 'api.bitget.com' ([Errno 8] nodename nor servname provided, or not known)"))
09:01:39 [ERROR] 异常: HTTPSConnectionPool(host='api.bitget.com', port=443): Max retries exceeded with url: /api/v2/mix/position/all-position?productType=USDT-FUTURES&marginCoin=USDT (Caused by NameResolutionError("HTTPSConnection(host='api.bitget.com', port=443): Failed to resolve 'api.bitget.com' ([Errno 8] nodename nor servname provided, or not known)"))
09:07:09 [ERROR] 异常: HTTPSConnectionPool(host='api.bitget.com', port=443): Max retries exceeded with url: /api/v2/mix/position/all-position?productType=USDT-FUTURES&marginCoin=USDT (Caused by NameResolutionError("HTTPSConnection(host='api.bitget.com', port=443): Failed to resolve 'api.bitget.com' ([Errno 8] nodename nor servname provided, or not known)"))
09:12:39 [ERROR] 异常: HTTPSConnectionPool(host='api.bitget.com', port=443): Max retries exceeded with url: /api/v2/mix/position/all-position?productType=USDT-FUTURES&marginCoin=USDT (Caused by NameResolutionError("HTTPSConnection(host='api.bitget.com', port=443): Failed to resolve 'api.bitget.com' ([Errno 8] nodename nor servname provided, or not known)"))
09:18:09 [ERROR] 异常: HTTPSConnectionPool(host='api.bitget.com', port=443): Max retries exceeded with url: /api/v2/mix/position/all-position?productType=USDT-FUTURES&marginCoin=USDT (Caused by NameResolutionError("HTTPSConnection(host='api.bitget.com', port=443): Failed to resolve 'api.bitget.com' ([Errno 8] nodename nor servname provided, or not known)"))
09:23:39 [ERROR] 异常: HTTPSConnectionPool(host='api.bitget.com', port=443): Max retries exceeded with url: /api/v2/mix/position/all-position?productType=USDT-FUTURES&marginCoin=USDT (Caused by NameResolutionError("HTTPSConnection(host='api.bitget.com', port=443): Failed to resolve 'api.bitget.com' ([Errno 8] nodename nor servname provided, or not known)"))
09:29:09 [ERROR] 异常: HTTPSConnectionPool(host='api.bitget.com', port=443): Max retries exceeded with url: /api/v2/mix/position/all-position?productType=USDT-FUTURES&marginCoin=USDT (Caused by NameResolutionError("HTTPSConnection(host='api.bitget.com', port=443): Failed to resolve 'api.bitget.com' ([Errno 8] nodename nor servname provided, or not known)"))
09:34:39 [ERROR] 异常: HTTPSConnectionPool(host='api.bitget.com', port=443): Max retries exceeded with url: /api/v2/mix/position/all-position?productType=USDT-FUTURES&marginCoin=USDT (Caused by NameResolutionError("HTTPSConnection(host='api.bitget.com', port=443): Failed to resolve 'api.bitget.com' ([Errno 8] nodename nor servname provided, or not known)"))
09:40:09 [ERROR] 异常: HTTPSConnectionPool(host='api.bitget.com', port=443): Max retries exceeded with url: /api/v2/mix/position/all-position?productType=USDT-FUTURES&marginCoin=USDT (Caused by NameResolutionError("HTTPSConnection(host='api.bitget.com', port=443): Failed to resolve 'api.bitget.com' ([Errno 8] nodename nor servname provided, or not known)"))
09:45:39 [ERROR] 异常: HTTPSConnectionPool(host='api.bitget.com', port=443): Max retries exceeded with url: /api/v2/mix/position/all-position?productType=USDT-FUTURES&marginCoin=USDT (Caused by NameResolutionError("HTTPSConnection(host='api.bitget.com', port=443): Failed to resolve 'api.bitget.com' ([Errno 8] nodename nor servname provided, or not known)"))
09:51:09 [ERROR] 异常: HTTPSConnectionPool(host='api.bitget.com', port=443): Max retries exceeded with url: /api/v2/mix/position/all-position?productType=USDT-FUTURES&marginCoin=USDT (Caused by NameResolutionError("HTTPSConnection(host='api.bitget.com', port=443): Failed to resolve 'api.bitget.com' ([Errno 8] nodename nor servname provided, or not known)"))
09:56:39 [ERROR] 异常: HTTPSConnectionPool(host='api.bitget.com', port=443): Max retries exceeded with url: /api/v2/mix/position/all-position?productType=USDT-FUTURES&marginCoin=USDT (Caused by NameResolutionError("HTTPSConnection(host='api.bitget.com', port=443): Failed to resolve 'api.bitget.com' ([Errno 8] nodename nor servname provided, or not known)"))
10:02:09 [ERROR] 异常: HTTPSConnectionPool(host='api.bitget.com', port=443): Max retries exceeded with url: /api/v2/mix/position/all-position?productType=USDT-FUTURES&marginCoin=USDT (Caused by NameResolutionError("HTTPSConnection(host='api.bitget.com', port=443): Failed to resolve 'api.bitget.com' ([Errno 8] nodename nor servname provided, or not known)"))
10:07:39 [ERROR] 异常: HTTPSConnectionPool(host='api.bitget.com', port=443): Max retries exceeded with url: /api/v2/mix/position/all-position?productType=USDT-FUTURES&marginCoin=USDT (Caused by NameResolutionError("HTTPSConnection(host='api.bitget.com', port=443): Failed to resolve 'api.bitget.com' ([Errno 8] nodename nor servname provided, or not known)"))
10:13:09 [ERROR] 异常: HTTPSConnectionPool(host='api.bitget.com', port=443): Max retries exceeded with url: /api/v2/mix/position/all-position?productType=USDT-FUTURES&marginCoin=USDT (Caused by NameResolutionError("HTTPSConnection(host='api.bitget.com', port=443): Failed to resolve 'api.bitget.com' ([Errno 8] nodename nor servname provided, or not known)"))
10:18:39 [ERROR] 异常: HTTPSConnectionPool(host='api.bitget.com', port=443): Max retries exceeded with url: /api/v2/mix/position/all-position?productType=USDT-FUTURES&marginCoin=USDT (Caused by NameResolutionError("HTTPSConnection(host='api.bitget.com', port=443): Failed to resolve 'api.bitget.com' ([Errno 8] nodename nor servname provided, or not known)"))
